// Jest Snapshot v1, https://goo.gl/fbAQLP

exports[`matching a snapshot of App 1`] = `
<div>
  <WithStyles(Header)
    items={
      Array [
        Object {
          "icon": "plus",
          "text": "Cite Us",
          "url": "/cite",
        },
        Object {
          "icon": "download",
          "text": "Downloads",
          "url": "/downloads",
        },
        Object {
          "icon": "info-circle",
          "text": "About dictyBase",
          "url": "/info",
        },
        Object {
          "icon": "sign-in",
          "isRouter": true,
          "text": "Login",
          "url": "/login",
        },
      ]
    }
  />
  <br />
  <Navbar
    items={
      Array [
        Object {
          "dropdown": true,
          "items": Array [
            Object {
              "href": "/",
              "name": "Dictyostelium discoideum",
            },
            Object {
              "href": "http://genomes.dictybase.org/purpureum",
              "name": "Dictyostelium purpureum",
            },
            Object {
              "href": "http://genomes.dictybase.org/fasciculatum",
              "name": "Dictyostelium fasciculatum",
            },
            Object {
              "href": "http://genomes.dictybase.org/pallidum",
              "name": "Polysphondylium pallium",
            },
          ],
          "title": "Genomes",
        },
        Object {
          "dropdown": true,
          "items": Array [
            Object {
              "href": "http://dictybase.org/tools/jbrowse/?data=data/jbrowse/discoideum&loc=6:1..50011&tracks=reference,gene,transcript",
              "name": "Genome Browser",
            },
            Object {
              "href": "/dictyaccess",
              "name": "Dashboard",
            },
          ],
          "title": "Tools",
        },
        Object {
          "dropdown": true,
          "items": Array [
            Object {
              "href": "/explore/art",
              "name": "Dicty Art",
            },
            Object {
              "href": "/explore/gallery",
              "name": "Gallery",
            },
            Object {
              "href": "/explore/learn",
              "name": "Learn About Dicty",
            },
            Object {
              "href": "/explore/teach",
              "name": "Teaching Protocols",
            },
            Object {
              "href": "/explore/links",
              "name": "Useful Links",
            },
          ],
          "title": "Explore",
        },
        Object {
          "dropdown": true,
          "items": Array [
            Object {
              "href": "/research/ontology",
              "name": "Anatomy Ontology",
            },
            Object {
              "href": "/research/codon",
              "name": "Codon Bias Table",
            },
            Object {
              "href": "/research/nomenclature",
              "name": "Nomenclature Guidelines",
            },
            Object {
              "href": "/research/phenotyping",
              "name": "Phenotyping",
            },
            Object {
              "href": "/research/techniques",
              "name": "Techniques",
            },
          ],
          "title": "Research",
        },
        Object {
          "dropdown": true,
          "items": Array [
            Object {
              "href": "/stockcenter",
              "name": "Stock Center Home",
            },
            Object {
              "href": "/stockcenter/information/order",
              "name": "Order Information",
            },
            Object {
              "href": "/stockcenter/information/faq",
              "name": "FAQ",
            },
          ],
          "title": "Dicty Stock Center",
        },
        Object {
          "dropdown": true,
          "items": Array [
            Object {
              "href": "/community/citation",
              "name": "Cite Us",
            },
            Object {
              "href": "/community/conference",
              "name": "Dicty Annual Conferences",
            },
            Object {
              "href": "/community/listserv",
              "name": "Dicty Email Forum",
            },
            Object {
              "href": "/community/labs",
              "name": "Dicty Labs",
            },
            Object {
              "href": "/community/history",
              "name": "History",
            },
            Object {
              "href": "/community/jobs",
              "name": "Jobs",
            },
            Object {
              "href": "/community/meetings",
              "name": "Upcoming Meetings",
            },
          ],
          "title": "Community",
        },
      ]
    }
  />
  <br />
  <Connect(Component)
    cart={Object {}}
  />
  <styled.div>
    <RenderRoutes
      auth={
        Object {
          "isAuthenticated": false,
        }
      }
      cart={Object {}}
      fetchFooterAction={[Function]}
      fetchNavbarAction={[Function]}
      footer={Object {}}
      navbar={Object {}}
    />
  </styled.div>
  <WithStyles(Footer)
    items={
      Array [
        Array [
          Object {
            "header": Object {
              "description": "Genomes",
            },
            "items": Array [
              Object {
                "description": "Dictyostelium discoideum",
                "link": "/",
              },
              Object {
                "description": "Dictyostelium purpureum",
                "link": "http://genomes.dictybase.org/purpureum",
              },
              Object {
                "description": "Dictyostelium fasciculatum",
                "link": "http://genomes.dictybase.org/fasciculatum",
              },
              Object {
                "description": "Polysphondylium pallium",
                "link": "http://genomes.dictybase.org/pallidum",
              },
            ],
          },
        ],
        Array [
          Object {
            "header": Object {
              "description": "Tools",
            },
            "items": Array [
              Object {
                "description": "Genome Browser",
                "link": "http://dictybase.org/tools/jbrowse/?data=data/jbrowse/discoideum&loc=6:1..50011&tracks=reference,gene,transcript",
              },
              Object {
                "description": "Dashboard",
                "link": "/dictyaccess",
              },
            ],
          },
        ],
        Array [
          Object {
            "header": Object {
              "description": "Explore",
            },
            "items": Array [
              Object {
                "description": "Dicty Art",
                "link": "/explore/art",
              },
              Object {
                "description": "Gallery",
                "link": "/explore/gallery",
              },
              Object {
                "description": "Learn About Dicty",
                "link": "/explore/learn",
              },
              Object {
                "description": "Teaching Protocols",
                "link": "/explore/teach",
              },
              Object {
                "description": "Useful Links",
                "link": "/explore/links",
              },
            ],
          },
        ],
        Array [
          Object {
            "header": Object {
              "description": "Research",
            },
            "items": Array [
              Object {
                "description": "Anatomy Ontology",
                "link": "/research/ontology",
              },
              Object {
                "description": "Codon Bias Table",
                "link": "/research/codon",
              },
              Object {
                "description": "Nomenclature Guidelines",
                "link": "/research/nomenclature",
              },
              Object {
                "description": "Phenotyping",
                "link": "/research/phenotyping",
              },
              Object {
                "description": "Techniques",
                "link": "/research/techniques",
              },
            ],
          },
        ],
        Array [
          Object {
            "header": Object {
              "description": "Dicty Stock Center",
            },
            "items": Array [
              Object {
                "description": "Stock Center Home",
                "link": "/stockcenter",
              },
              Object {
                "description": "Order Information",
                "link": "/stockcenter/information/order",
              },
              Object {
                "description": "FAQ",
                "link": "/stockcenter/information/faq",
              },
            ],
          },
        ],
        Array [
          Object {
            "header": Object {
              "description": "Community",
            },
            "items": Array [
              Object {
                "description": "Cite Us",
                "link": "/community/citation",
              },
              Object {
                "description": "Dicty Annual Conferences",
                "link": "/community/conference",
              },
              Object {
                "description": "Dicty Email Forum",
                "link": "/community/listserv",
              },
              Object {
                "description": "Dicty Labs",
                "link": "/community/labs",
              },
              Object {
                "description": "History",
                "link": "/community/history",
              },
              Object {
                "description": "Jobs",
                "link": "/community/jobs",
              },
              Object {
                "description": "Upcoming Meetings",
                "link": "/community/meetings",
              },
            ],
          },
        ],
        Array [
          Object {
            "header": Object {
              "description": "Please Cite",
            },
            "items": Array [
              Object {
                "description": "dictyBase",
                "link": "",
              },
              Object {
                "description": "Dicty Stock Center",
                "link": "/stockcenter",
              },
            ],
          },
          Object {
            "header": Object {
              "description": "Supported By",
            },
            "items": Array [
              Object {
                "description": "NIH",
                "link": "https://www.nih.gov/",
              },
              Object {
                "description": "GMOD",
                "link": "http://gmod.org/wiki/Main_Page",
              },
              Object {
                "description": "Gene Ontology",
                "link": "http://www.geneontology.org/",
              },
            ],
          },
        ],
      ]
    }
  />
</div>
`;
