// Jest Snapshot v1, https://goo.gl/fbAQLP

exports[`matching a snapshot of AuthLoader 1`] = `
.c0 {
  text-align: center;
}

<div
  className="sc-htpNat eDtRyC sc-bdVaJa iHZvIS"
  is={null}
>
  <div
    className="c0 iHZvIS"
    is={null}
  >
    <h1>
      Logging in...
    </h1>
    <br />
    <span
      aria-hidden={true}
      className="fa fa-spinner fa-5x fa-pulse fa-fw"
    />
  </div>
</div>
`;
