// Jest Snapshot v1, https://goo.gl/fbAQLP

exports[`matching a snapshot of Cart 1`] = `
.c0 {
  padding-right: 15px;
  padding-left: 15px;
  margin-right: auto;
  margin-left: auto;
}

@media (min-width:768px) {
  .c0 {
    width: 750px;
  }
}

@media (min-width:992px) {
  .c0 {
    width: 970px;
  }
}

@media (min-width:1200px) {
  .c0 {
    width: 1170px;
  }
}

<div
  className="c0"
>
  <div
    className="sc-htpNat cPcSwG sc-bdVaJa iHZvIS"
    is={null}
  >
    <div
      className="iHZvIS"
      is={null}
    >
      <a
        href="/cart"
        onClick={[Function]}
      >
        <span
          aria-hidden={true}
          className="fa fa-shopping-cart fa-3x"
        />
        (
        0
        )
      </a>
    </div>
  </div>
</div>
`;
