// Jest Snapshot v1, https://goo.gl/fbAQLP

exports[`matching a snapshot of Error 1`] = `
.c0 {
  padding-right: 15px;
  padding-left: 15px;
  margin-right: auto;
  margin-left: auto;
}

.c1 {
  padding: 15px;
  margin-bottom: 20px;
  border: 1px solid transparent;
  border-radius: 4px;
  color: #a94442;
  background-color: #f2dede;
  border-color: #ebccd1;
  text-align: center;
}

@media (min-width:768px) {
  .c0 {
    width: 750px;
  }
}

@media (min-width:992px) {
  .c0 {
    width: 970px;
  }
}

@media (min-width:1200px) {
  .c0 {
    width: 1170px;
  }
}

<div
  className="c0"
>
  <div
    className="sc-htpNat iZBBQa sc-bdVaJa iHZvIS"
    is={null}
  >
    <div
      className="csVOHI"
      is={null}
    >
      <div
        className="c1"
      >
        <h1>
          <span
            aria-hidden={true}
            className="fa fa-exclamation-triangle"
          />
           Error
           
          <span
            aria-hidden={true}
            className="fa fa-exclamation-triangle"
          />
        </h1>
        <h3 />
        <h3 />
        <h3 />
        <p>
          Please 
          <a
            href="/contact"
            onClick={[Function]}
          >
            contact us
          </a>
           if this problem persists.
        </p>
        <p>
          <a
            href="/"
            onClick={[Function]}
          >
            Return Home
          </a>
        </p>
      </div>
    </div>
  </div>
</div>
`;
