// Jest Snapshot v1, https://goo.gl/fbAQLP

exports[`matching a snapshot of Error 1`] = `
<div
  className="sc-eerKOB juxuCZ"
>
  <div
    className="sc-cpmLhU dkQvDP"
  >
    <h1>
      <span
        aria-hidden={true}
        className="fa fa-exclamation-triangle"
      />
       Error
    </h1>
    <h2 />
    <h2 />
  </div>
</div>
`;
