// Jest Snapshot v1, https://goo.gl/fbAQLP

exports[`matching a snapshot of Items 1`] = `
<div>
  <div
    className="sc-htpNat jtWIOA sc-bdVaJa iHZvIS"
    is={null}
  >
    <div
      className="goNVXm"
      is={null}
    >
      <h5>
        ID
      </h5>
    </div>
    <div
      className="goNVXm"
      is={null}
    >
      <h5>
        Strain/Plasmid Name
      </h5>
    </div>
  </div>
</div>
`;
