// Jest Snapshot v1, https://goo.gl/fbAQLP

exports[`renders correctly 1`] = `
<styled.div>
  <Flex
    justify="center"
  >
    <Box
      w={1}
    >
      <SkeletonTheme
        color="#D3D3D3	"
        highlightColor="#DCDCDC"
      >
        <Skeleton
          count={10}
          duration={1.2}
          width={null}
          wrapper={null}
        />
        <br />
        <br />
        <Skeleton
          count={10}
          duration={1.2}
          width={null}
          wrapper={null}
        />
        <br />
        <br />
        <Skeleton
          count={10}
          duration={1.2}
          width={null}
          wrapper={null}
        />
        <br />
        <br />
        <Skeleton
          count={5}
          duration={1.2}
          width={null}
          wrapper={null}
        />
      </SkeletonTheme>
    </Box>
  </Flex>
</styled.div>
`;
