// Jest Snapshot v1, https://goo.gl/fbAQLP

exports[`matching a snapshot of Login 1`] = `
<div
  className="sc-bxivhb bUZGRr sc-htpNat iZBBQa sc-bdVaJa iHZvIS"
  is={null}
>
  <div
    className="sc-ifAKCX cFlEyZ sc-bdVaJa dbOKEe"
    is={null}
  >
    <div
      className="sc-TFwJa daqYjB"
    >
      <h1>
        Log in
      </h1>
    </div>
    <div
      className="sc-bxivhb bUZGRr sc-htpNat iZBBQa sc-bdVaJa iHZvIS"
      is={null}
    >
      <div
        className="sc-ifAKCX cFlEyZ sc-bdVaJa brzzaE"
        is={null}
      >
        <a
          className="large block facebook sc-cooIXK jhyMRn"
          onClick={[Function]}
        >
          <span
            aria-hidden={true}
            className="fa fa-facebook"
          />
            Sign in with 
          Facebook
        </a>
      </div>
    </div>
    <div
      className="sc-bxivhb bUZGRr sc-htpNat iZBBQa sc-bdVaJa iHZvIS"
      is={null}
    >
      <div
        className="sc-ifAKCX cFlEyZ sc-bdVaJa brzzaE"
        is={null}
      >
        <a
          className="large block google sc-cooIXK jhyMRn"
          onClick={[Function]}
        >
          <span
            aria-hidden={true}
            className="fa fa-google"
          />
            Sign in with 
          Google
        </a>
      </div>
    </div>
    <div
      className="sc-bxivhb bUZGRr sc-htpNat iZBBQa sc-bdVaJa iHZvIS"
      is={null}
    >
      <div
        className="sc-ifAKCX cFlEyZ sc-bdVaJa brzzaE"
        is={null}
      >
        <a
          className="large block linkedin sc-cooIXK jhyMRn"
          onClick={[Function]}
        >
          <span
            aria-hidden={true}
            className="fa fa-linkedin"
          />
            Sign in with 
          LinkedIn
        </a>
      </div>
    </div>
    <div
      className="sc-bxivhb bUZGRr sc-htpNat iZBBQa sc-bdVaJa iHZvIS"
      is={null}
    >
      <div
        className="sc-ifAKCX cFlEyZ sc-bdVaJa brzzaE"
        is={null}
      >
        <a
          className="large block orcid sc-cooIXK jhyMRn"
          onClick={[Function]}
        >
          <span
            aria-hidden={true}
            className="fa fa-orcid"
          />
            Sign in with 
          ORCID
        </a>
      </div>
    </div>
  </div>
</div>
`;
