// Jest Snapshot v1, https://goo.gl/fbAQLP

exports[`matching a snapshot of SearchBar 1`] = `
.c0 {
  display: inline-block;
  padding: 6px 12px;
  margin-bottom: 0;
  font-size: 14px;
  font-weight: normal;
  line-height: 1.42857143;
  text-align: center;
  white-space: nowrap;
  vertical-align: middle;
  -ms-touch-action: manipulation;
  touch-action: manipulation;
  cursor: pointer;
  -webkit-user-select: none;
  -moz-user-select: none;
  -ms-user-select: none;
  -webkit-user-select: none;
  -moz-user-select: none;
  -ms-user-select: none;
  user-select: none;
  background-image: none;
  border: 1px solid transparent;
  border-radius: 4px;
  color: #fff;
  background-color: #337ab7;
  border-color: #2e6da4;
}

.c0.block {
  display: block;
  width: 100%;
}

.c0.large {
  padding: 10px 16px;
  font-size: 18px;
  line-height: 1.3333333;
  border-radius: 6px;
}

.c0.xs {
  padding: 1px 5px;
  font-size: 12px;
  line-height: 1.5;
  border-radius: 3px;
  width: 20%;
}

.c0 a {
  color: #fff;
}

.c0 a:hover {
  color: #fff;
  -webkit-text-decoration: none;
  text-decoration: none;
}

.c0:focus {
  color: #fff;
  background-color: #286090;
  border-color: #122b40;
}

.c0:hover {
  color: #fff;
  background-color: #286090;
  border-color: #204d74;
}

.c0:active {
  color: #fff;
  background-color: #286090;
  border-color: #204d74;
}

<div
  className="sc-htpNat iZBBQa sc-bdVaJa iHZvIS"
  is={null}
>
  <div
    className="iHZvIS"
    is={null}
  >
    <input
      onKeyDown={[Function]}
      placeholder={undefined}
      style={
        Object {
          "WebkitAppearance": "textfield",
          "height": "100%",
          "textAlign": "center",
        }
      }
      type="search"
    />
    <button
      className="c0"
      onClick={[Function]}
      style={
        Object {
          "marginLeft": 7,
        }
      }
    >
      SEARCH
    </button>
    <button
      className="c0"
      onClick={[Function]}
      style={
        Object {
          "marginLeft": 7,
        }
      }
    >
      CLEAR
    </button>
  </div>
</div>
`;
