// Jest Snapshot v1, https://goo.gl/fbAQLP

exports[`matching a snapshot of Availability 1`] = `
.c0 {
  background-color: #f2f2f2;
  border: 1px solid #f2f2f2;
  margin: 15px auto;
  padding: 15px;
  border-radius: 10px;
  width: 100%;
}

<div
  className="c0"
>
  <h4>
    Strain & Plasmid Availability
  </h4>
</div>
`;
