// Jest Snapshot v1, https://goo.gl/fbAQLP

exports[`renders correctly 1`] = `
<div>
  <WithStyles(Dialog)
    aria-describedby="alert-dialog-slide-description"
    aria-labelledby="alert-dialog-slide-title"
    keepMounted={true}
    onClose={[Function]}
    open={true}
    transition={[Function]}
  >
    <WithStyles(DialogTitle)
      id="alert-dialog-slide-title"
    >
      You are using an outdated browser!
    </WithStyles(DialogTitle)>
    <WithStyles(DialogContent)>
      <WithStyles(DialogContentText)
        id="alert-dialog-slide-description"
      >
        <p>
          Dicty Stock Center may not work as expected on your browser.
        </p>
        <p>
          Please consider upgrading to a more modern browser such as
           
          <a
            href="https://www.mozilla.org/en-US/firefox/new/"
            rel="noopener noreferrer"
            target="_blank"
          >
            Mozilla Firefox
          </a>
           
          or
           
          <a
            href="https://www.google.com/chrome/"
            rel="noopener noreferrer"
            target="_blank"
          >
            Google Chrome
          </a>
          .
        </p>
      </WithStyles(DialogContentText)>
    </WithStyles(DialogContent)>
    <WithStyles(DialogActions)>
      <WithStyles(Button)
        color="primary"
        onClick={[Function]}
      >
        Close
      </WithStyles(Button)>
    </WithStyles(DialogActions)>
  </WithStyles(Dialog)>
</div>
`;
