// Jest Snapshot v1, https://goo.gl/fbAQLP

exports[`matching a snapshot of Downloads 1`] = `
.c0 {
  background-color: #eff8fb;
  border: 1px solid #eff8fb;
  margin: 15px auto;
  padding: 15px;
  border-radius: 10px;
  width: 100%;
}

.c1 ul,
.c1 li {
  margin: 0;
  padding: 0;
  list-style: none;
}

.c1 a {
  font-size: 18px;
}

<div
  className="c0"
>
  <h3>
    Download / View
  </h3>
  <div
    className="c1"
  >
    <ul>
      <li>
        <a
          href="/"
          onClick={[Function]}
        >
          Phenotype Ontology
        </a>
      </li>
      <li>
        <a
          href="/"
          onClick={[Function]}
        >
          Strain Characteristics
        </a>
      </li>
      <li>
        <a
          href="/"
          onClick={[Function]}
        >
          Mutagenesis Methods
        </a>
      </li>
      <li>
        <a
          href="/"
          onClick={[Function]}
        >
          Plasmid Keywords
        </a>
      </li>
    </ul>
  </div>
</div>
`;
