// Jest Snapshot v1, https://goo.gl/fbAQLP

exports[`matching a snapshot of Home/Homepage 1`] = `
<styled.div>
  <span>
    <h3>
      Hello, 
      Jane Doe!
    </h3>
  </span>
  <Flex
    justify="space-between"
    wrap={true}
  >
    <Box>
      <styled.div>
        <h1>
          Welcome to Dicty Stock Center (DSC)
        </h1>
      </styled.div>
    </Box>
    <Box
      w={1}
    >
      <Connect(Intro) />
    </Box>
    <Box
      w={
        Array [
          1,
          "30%",
          "30%",
        ]
      }
    >
      <Flex
        column={true}
      >
        <Box>
          <Connect(About) />
        </Box>
        <Box>
          <Links />
        </Box>
      </Flex>
    </Box>
    <Box
      w={
        Array [
          1,
          "30%",
          "30%",
        ]
      }
    >
      <Flex
        column={true}
      >
        <Box>
          <Info />
        </Box>
        <Box>
          <Connect(Availability) />
        </Box>
        <Box>
          <Connect(OtherMaterials) />
        </Box>
        <Box>
          <Materials />
        </Box>
      </Flex>
    </Box>
    <Box
      w={
        Array [
          1,
          "33%",
          "33%",
        ]
      }
    >
      <Flex
        column={true}
        justify="center"
      >
        <Box>
          <Slideshow />
        </Box>
        <Box>
          <Materials />
        </Box>
        <Box>
          <Downloads />
        </Box>
      </Flex>
    </Box>
  </Flex>
</styled.div>
`;
