// Jest Snapshot v1, https://goo.gl/fbAQLP

exports[`matching a snapshot of Links 1`] = `
.c0 {
  background-color: #eff8fb;
  border: 1px solid #eff8fb;
  margin: 15px auto;
  padding: 15px;
  border-radius: 10px;
  width: 100%;
}

.c1 ul,
.c1 li {
  margin: 0;
  padding: 0;
  list-style: none;
}

.c1 a {
  font-size: 18px;
}

<div
  className="c0"
>
  <div
    className="c1"
  >
    <ul>
      <li>
        <a
          href="/contact"
          onClick={[Function]}
        >
          Contact the DSC
        </a>
      </li>
      <li>
        <a
          href="/information/faq"
          onClick={[Function]}
        >
          DSC FAQ
        </a>
      </li>
      <li>
        <a
          href="/information/nomenclature-guidelines"
        >
          Nomenclature Guide
        </a>
      </li>
      <li>
        <a
          href="/information/other-stock-centers"
          onClick={[Function]}
        >
          Other Stock Centers
        </a>
      </li>
    </ul>
  </div>
</div>
`;
