// Jest Snapshot v1, https://goo.gl/fbAQLP

exports[`matching a snapshot of Links 1`] = `
<div
  className="sc-fzsDOv bjlbND"
>
  <div
    className="sc-gPWkxV dfohwQ"
  >
    <ul>
      <li>
        <a
          href="/contact"
          onClick={[Function]}
        >
          Contact the DSC
        </a>
      </li>
      <li>
        <a
          href="/information/faq"
          onClick={[Function]}
        >
          DSC FAQ
        </a>
      </li>
      <li>
        <a
          href="/information/nomenclature"
        >
          Nomenclature Guide
        </a>
      </li>
      <li>
        <a
          href="/information/other-stock-centers"
          onClick={[Function]}
        >
          Other Stock Centers
        </a>
      </li>
    </ul>
  </div>
</div>
`;
