// Jest Snapshot v1, https://goo.gl/fbAQLP

exports[`matching a snapshot of Materials 1`] = `
.c0 {
  background-color: #f2f2f2;
  border: 1px solid #f2f2f2;
  margin: 15px auto;
  padding: 15px;
  border-radius: 10px;
  width: 100%;
}

.c1 ul,
.c1 li {
  margin: 0;
  padding: 0;
  list-style: none;
}

.c1 a {
  font-size: 18px;
}

<div
  className="c0"
>
  <div
    className="c1"
  >
    <ul>
      <li>
        <a
          href="/strains"
          onClick={[Function]}
        >
          Strain Catalog
        </a>
      </li>
      <li>
        <a
          href="/plasmids"
          onClick={[Function]}
        >
          Plasmid Catalog
        </a>
      </li>
      <li>
        <a
          href="/"
          onClick={[Function]}
        >
          Bacterial Strains
        </a>
      </li>
      <li>
        <a
          href="/"
          onClick={[Function]}
        >
          Other Materials
        </a>
      </li>
    </ul>
  </div>
</div>
`;
