// Jest Snapshot v1, https://goo.gl/fbAQLP

exports[`matching a snapshot of Home/Slideshow 1`] = `
<Carousel
  autoPlay={true}
  axis="horizontal"
  centerMode={false}
  centerSlidePercentage={80}
  dynamicHeight={false}
  emulateTouch={false}
  infiniteLoop={true}
  interval={5000}
  onChange={[Function]}
  onClickItem={[Function]}
  onClickThumb={[Function]}
  selectedItem={0}
  showArrows={true}
  showIndicators={false}
  showStatus={false}
  showThumbs={false}
  statusFormatter={[Function]}
  stopOnHover={true}
  swipeScrollTolerance={5}
  swipeable={true}
  transitionTime={350}
  useKeyboardArrows={false}
  verticalSwipe="standard"
  width="100%"
>
  <div>
    <img
      alt="ctr9-mutant-DG1071"
      src="ctr9-mutant-DG1071.png"
    />
  </div>
  <div>
    <img
      alt="gbqA-mutant-DG1120"
      src="gbqA-mutant-DG1120.png"
    />
  </div>
  <div>
    <img
      alt="ggtA-mutant-DG1109"
      src="ggtA-mutant-DG1109.png"
    />
  </div>
  <div>
    <img
      alt="tipB-mutant-DG1036"
      src="tipB-mutant-DG1036.png"
    />
  </div>
</Carousel>
`;
