// Jest Snapshot v1, https://goo.gl/fbAQLP

exports[`matching a snapshot of StandardOperatingProcedures 1`] = `
.c0 {
  background-color: #f2f2f2;
  border: 1px solid #f2f2f2;
  margin: 15px auto;
  padding: 15px;
  border-radius: 10px;
  width: 100%;
}

.c1 {
  color: #961818;
}

<div
  className="c0"
>
  <a
    className="c1"
    href="https://northwestern.box.com/s/p0f8m70whgiuib2u0wt8gtn497ncmq8i"
    rel="noopener noreferrer"
    target="_blank"
  >
    Standard Operating Procedures
  </a>
</div>
`;
