// Jest Snapshot v1, https://goo.gl/fbAQLP

exports[`matching a snapshot of Contact 1`] = `
<div>
  <div
    className="sc-hmXxxW ggtKDs"
  >
    <div
      className="sc-bxivhb bUZGRr sc-htpNat eDtRyC sc-bdVaJa iHZvIS"
      is={null}
    >
      <div
        className="sc-ifAKCX cFlEyZ sc-bdVaJa iplmxF"
        is={null}
      >
        <label
          className="sc-ipXKqB hIQKmZ"
        >
          Phone:
        </label>
      </div>
      <div
        className="sc-ifAKCX cFlEyZ sc-bdVaJa cvzxNy"
        is={null}
      >
        <input
          className="sc-cqCuEk jbXqms"
          placeholder={undefined}
          type="text"
          value="555-5555"
        />
      </div>
    </div>
  </div>
</div>
`;
