// Jest Snapshot v1, https://goo.gl/fbAQLP

exports[`matching a snapshot of FormGroupSelect 1`] = `
<div
  className="sc-hmXxxW ggtKDs"
>
  <div
    className="sc-bxivhb bUZGRr sc-htpNat eDtRyC sc-bdVaJa iHZvIS"
    is={null}
  >
    <div
      className="sc-ifAKCX cFlEyZ sc-bdVaJa iplmxF"
      is={null}
    >
      <label
        className="sc-ipXKqB hIQKmZ"
      />
    </div>
    <div
      className="sc-ifAKCX cFlEyZ sc-bdVaJa cvzxNy"
      is={null}
    >
      <select
        className="sc-kLIISr jcKCa"
        value=""
      >
        <option
          value="select"
        >
          -- Select --
        </option>
        <option
          value="USA"
        >
          USA
        </option>
        <option
          value="Iceland"
        >
          Iceland
        </option>
        <option
          value="Japan"
        >
          Japan
        </option>
      </select>
    </div>
  </div>
</div>
`;
