// Jest Snapshot v1, https://goo.gl/fbAQLP

exports[`matching a snapshot of FormGroupInput 1`] = `
.c1 {
  display: inline-block;
  padding-top: 7px;
  margin-bottom: 0;
  text-align: right;
  font-weight: 600;
}

.c0 {
  margin-right: -15px;
  margin-left: -15px;
}

.c2 {
  display: block;
  width: 100%;
  height: 34px;
  padding: 6px 12px;
  font-size: 14px;
  line-height: 1.42857143;
  color: #555;
  background-color: #fff;
  background-image: none;
  border: 1px solid #ccc;
  border-radius: 4px;
  -webkit-box-shadow: inset 0 1px 1px rgba(0,0,0,0.075);
  box-shadow: inset 0 1px 1px rgba(0,0,0,0.075);
  -webkit-transition: border-color ease-in-out 0.15s, -webkit-box-shadow ease-in-out 0.15s;
  -o-transition: border-color ease-in-out 0.15s,box-shadow ease-in-out 0.15s;
  -webkit-transition: border-color ease-in-out 0.15s,box-shadow ease-in-out 0.15s;
  transition: border-color ease-in-out 0.15s,box-shadow ease-in-out 0.15s;
}

.c2:focus {
  border-color: #66afe9;
  outline: 0;
  -webkit-box-shadow: inset 0 1px 1px rgba(0,0,0,0.075), 0 0 8px rgba(102,175,233,0.6);
  box-shadow: inset 0 1px 1px rgba(0,0,0,0.075), 0 0 8px rgba(102,175,233,0.6);
}

<div
  className="c0"
>
  <div
    className="sc-htpNat eDtRyC sc-bdVaJa iHZvIS"
    is={null}
  >
    <div
      className="iplmxF"
      is={null}
    >
      <label
        className="c1"
      />
    </div>
    <div
      className="cvzxNy"
      is={null}
    >
      <input
        className="c2"
        placeholder={undefined}
        type="text"
      />
    </div>
  </div>
</div>
`;
