// Jest Snapshot v1, https://goo.gl/fbAQLP

exports[`matching a snapshot of FormGroupInput 1`] = `
<div
  className="sc-VJcYb eoqXel"
>
  <div
    className="sc-bxivhb bUZGRr sc-htpNat eDtRyC sc-bdVaJa iHZvIS"
    is={null}
  >
    <div
      className="sc-ifAKCX cFlEyZ sc-bdVaJa iplmxF"
      is={null}
    >
      <label
        className="sc-fONwsr jwUYlu"
      />
    </div>
    <div
      className="sc-ifAKCX cFlEyZ sc-bdVaJa cvzxNy"
      is={null}
    >
      <input
        className="sc-ipXKqB dNZJKP"
        placeholder={undefined}
        type="text"
      />
    </div>
  </div>
</div>
`;
