// Jest Snapshot v1, https://goo.gl/fbAQLP

exports[`matching a snapshot of PaymentAlert 1`] = `
<div>
  <div
    className="sc-ifAKCX iMBukv"
  >
    <p>
      <strong>
        Credit Card: 
      </strong>
      Secure payment when billed. Incurs a 
      <strong>
        3.5% service fee.
      </strong>
    </p>
    <p>
      <strong>
        Wire Transfer: 
      </strong>
      Northwestern bank information will be emailed
    </p>
    <p>
      <strong>
        PO: 
      </strong>
      Add PO number if available or send ASAP to 
      <u>
        <a
          href="mailto:dictystocks@northwestern.edu"
          target="_top"
        >
          dictystocks@northwestern.edu
        </a>
      </u>
    </p>
  </div>
  <div
    className="sc-ifAKCX iMBukv"
  >
    <p>
      For full payment information please click 
      <u>
        <a
          href="/stockcenter/payments/information"
          target="_blank"
        >
          here
        </a>
      </u>
    </p>
  </div>
</div>
`;
