// Jest Snapshot v1, https://goo.gl/fbAQLP

exports[`matching a snapshot of PaymentAlert 1`] = `
.c0 {
  padding: 15px;
  margin-bottom: 20px;
  border: 1px solid transparent;
  border-radius: 4px;
  color: #31708f;
  background-color: #d9edf7;
  border-color: #bce8f1;
}

<div>
  <div
    className="c0"
  >
    <p>
      <strong>
        Credit Card: 
      </strong>
      Secure payment when billed. Incurs a
       
      <strong>
        3.5% service fee.
      </strong>
    </p>
    <p>
      <strong>
        Wire Transfer: 
      </strong>
      Northwestern bank information will be emailed
    </p>
    <p>
      <strong>
        PO: 
      </strong>
      Add PO number if available or send ASAP to 
      <u>
        <a
          href="mailto:dictystocks@northwestern.edu"
          target="_top"
        >
          dictystocks@northwestern.edu
        </a>
      </u>
    </p>
  </div>
  <div
    className="c0"
  >
    <p>
      For full payment information please click 
      <u>
        <a
          href="/stockcenter/payments/information"
          target="_blank"
        >
          here
        </a>
      </u>
    </p>
  </div>
</div>
`;
