// Jest Snapshot v1, https://goo.gl/fbAQLP

exports[`matching a snapshot of PaymentInfo 1`] = `
<div
  className="sc-ipXKqB eOLIpB"
>
  <div
    className="sc-bxivhb bUZGRr sc-htpNat eDtRyC sc-bdVaJa iHZvIS"
    is={null}
  >
    <div
      className="sc-ifAKCX cFlEyZ sc-bdVaJa cyncUw"
      is={null}
    >
      <label
        className="sc-VJcYb mTwLq"
      >
        <span
          className="sc-giadOv eAuPGE"
          title="required field"
        >
          * 
        </span>
        Payment Method:
      </label>
    </div>
    <div
      className="sc-ifAKCX cFlEyZ sc-bdVaJa XupaC"
      is={null}
    >
      <label
        className="sc-qrIAp hsouou"
      >
        <input
          checked={false}
          touched={true}
          type="radio"
          value="Credit card"
        />
          Credit Card
      </label>
      <label
        className="sc-qrIAp hsouou"
      >
        <input
          checked={false}
          touched={true}
          type="radio"
          value="Wire transfer"
        />
          Wire Transfer
      </label>
      <label
        className="sc-qrIAp hsouou"
      >
        <input
          checked={false}
          touched={true}
          type="radio"
          value="PO"
        />
          Purchase Order (PO)
      </label>
    </div>
  </div>
</div>
`;
