// Jest Snapshot v1, https://goo.gl/fbAQLP

exports[`matching a snapshot of ShippingMethod 1`] = `
<div
  className="gsdTnU"
  style={
    Object {
      "border": "1px solid #D2D7D3",
      "marginBottom": 0,
    }
  }
>
  <div
    className="bBgvkp"
    onClick={[Function]}
    style={
      Object {
        "backgroundColor": "#337ab7",
        "borderBottom": "0px none #ddd",
        "borderColor": "#4B77BE",
        "padding": "20px",
      }
    }
  >
    <h3
      className="jXCrp"
      style={
        Object {
          "color": "#ffffff",
          "fontSize": "20px",
          "fontWeight": "200",
        }
      }
    >
      <div
        className="kyzudI"
        onClick={[Function]}
      >
        Method
      </div>
    </h3>
  </div>
  <div
    className="panel-body cgBkWQ"
    open={true}
    style={Object {}}
  >
    <div
      className="DRXhs"
    />
    <div
      className="sc-kLIISr itrVsn"
    >
      <div
        className="sc-bxivhb bUZGRr sc-htpNat eDtRyC sc-bdVaJa iHZvIS"
        is={null}
      >
        <div
          className="sc-ifAKCX cFlEyZ sc-bdVaJa cyncUw"
          is={null}
        >
          <label
            className="sc-dliRfk eLcvEu"
          >
            <span
              className="sc-hmXxxW fwNEuV"
            >
              * 
            </span>
            Shipping Account:
          </label>
        </div>
        <div
          className="sc-ifAKCX cFlEyZ sc-bdVaJa XupaC"
          is={null}
        >
          <label
            className="sc-bmyXtO ddZAYX"
          >
            <input
              checked={true}
              touched={true}
              type="radio"
              value="Fedex"
            />
              FedEx
          </label>
          <label
            className="sc-bmyXtO ddZAYX"
          >
            <input
              checked={false}
              touched={true}
              type="radio"
              value="UPS"
            />
              UPS
          </label>
          <label
            className="sc-bmyXtO ddZAYX"
          >
            <input
              checked={false}
              touched={true}
              type="radio"
              value="DHL"
            />
              DHL
          </label>
          <label
            className="sc-bmyXtO ddZAYX"
          >
            <input
              checked={false}
              touched={true}
              type="radio"
              value="Will call 1-312-503-4169"
            />
              Call in Credit card # for FedEx Waybill 1-312-503-4169
          </label>
        </div>
      </div>
      <div
        className="sc-kLIISr itrVsn"
      >
        <div
          className="sc-bxivhb bUZGRr sc-htpNat eDtRyC sc-bdVaJa iHZvIS"
          is={null}
        >
          <div
            className="sc-ifAKCX cFlEyZ sc-bdVaJa cyncUw"
            is={null}
          />
          <div
            className="sc-ifAKCX cFlEyZ sc-bdVaJa cjDWjg"
            is={null}
          >
            <input
              className="sc-qrIAp hbjCtO"
              placeholder="Shipping Account Number"
              value=""
            />
          </div>
        </div>
      </div>
    </div>
    <div
      className="DRXhs"
    />
  </div>
</div>
`;
