// Jest Snapshot v1, https://goo.gl/fbAQLP

exports[`matching a snapshot of ShippingInfo 1`] = `
.c2 {
  color: #dc3545;
}

.c1 {
  display: inline-block;
  padding-top: 7px;
  margin-bottom: 0;
  text-align: right;
  font-weight: 600;
}

.c0 {
  margin-right: -15px;
  margin-left: -15px;
}

.c4 {
  display: block;
  width: 100%;
  height: 34px;
  padding: 6px 12px;
  font-size: 14px;
  line-height: 1.42857143;
  color: #555;
  background-color: #fff;
  background-image: none;
  border: 1px solid #ccc;
  border-radius: 4px;
  -webkit-box-shadow: inset 0 1px 1px rgba(0,0,0,0.075);
  box-shadow: inset 0 1px 1px rgba(0,0,0,0.075);
  -webkit-transition: border-color ease-in-out 0.15s, -webkit-box-shadow ease-in-out 0.15s;
  -o-transition: border-color ease-in-out 0.15s,box-shadow ease-in-out 0.15s;
  -webkit-transition: border-color ease-in-out 0.15s,box-shadow ease-in-out 0.15s;
  transition: border-color ease-in-out 0.15s,box-shadow ease-in-out 0.15s;
}

.c4:focus {
  border-color: #66afe9;
  outline: 0;
  -webkit-box-shadow: inset 0 1px 1px rgba(0,0,0,0.075), 0 0 8px rgba(102,175,233,0.6);
  box-shadow: inset 0 1px 1px rgba(0,0,0,0.075), 0 0 8px rgba(102,175,233,0.6);
}

.c3 {
  position: relative;
  display: inline-block;
  padding-right: 20px;
  margin-bottom: 0;
  font-weight: normal;
  vertical-align: middle;
  cursor: pointer;
}

<div
  className="c0"
>
  <div
    className="sc-htpNat eDtRyC sc-bdVaJa iHZvIS"
    is={null}
  >
    <div
      className="cyncUw"
      is={null}
    >
      <label
        className="c1"
      >
        <span
          className="c2"
        >
          * 
        </span>
        Shipping Account:
      </label>
    </div>
    <div
      className="XupaC"
      is={null}
    >
      <label
        className="c3"
      >
        <input
          checked={true}
          touched={true}
          type="radio"
          value="Fedex"
        />
          FedEx
      </label>
      <label
        className="c3"
      >
        <input
          checked={false}
          touched={true}
          type="radio"
          value="UPS"
        />
          UPS
      </label>
      <label
        className="c3"
      >
        <input
          checked={false}
          touched={true}
          type="radio"
          value="DHL"
        />
          DHL
      </label>
      <label
        className="c3"
      >
        <input
          checked={false}
          touched={true}
          type="radio"
          value="Will call 1-312-503-4169"
        />
          Call in Credit card # for FedEx Waybill 1-312-503-4169
      </label>
    </div>
  </div>
  <div
    className="c0"
  >
    <div
      className="sc-htpNat eDtRyC sc-bdVaJa iHZvIS"
      is={null}
    >
      <div
        className="cyncUw"
        is={null}
      />
      <div
        className="cjDWjg"
        is={null}
      >
        <input
          className="c4"
          placeholder="Shipping Account Number"
          value=""
        />
      </div>
    </div>
  </div>
</div>
`;
