// Jest Snapshot v1, https://goo.gl/fbAQLP

exports[`matching a snapshot of ShippingInfo 1`] = `
<div
  className="sc-dliRfk jpTzS"
>
  <div
    className="sc-bxivhb bUZGRr sc-htpNat eDtRyC sc-bdVaJa iHZvIS"
    is={null}
  >
    <div
      className="sc-ifAKCX cFlEyZ sc-bdVaJa cyncUw"
      is={null}
    >
      <label
        className="sc-cqCuEk cDVGUT"
      >
        <span
          className="sc-ipXKqB gMsssU"
        >
          * 
        </span>
        Shipping Account:
      </label>
    </div>
    <div
      className="sc-ifAKCX cFlEyZ sc-bdVaJa XupaC"
      is={null}
    >
      <label
        className="sc-iGrrsa gonkyA"
      >
        <input
          checked={true}
          touched={true}
          type="radio"
          value="Fedex"
        />
          FedEx
      </label>
      <label
        className="sc-iGrrsa gonkyA"
      >
        <input
          checked={false}
          touched={true}
          type="radio"
          value="UPS"
        />
          UPS
      </label>
      <label
        className="sc-iGrrsa gonkyA"
      >
        <input
          checked={false}
          touched={true}
          type="radio"
          value="DHL"
        />
          DHL
      </label>
      <label
        className="sc-iGrrsa gonkyA"
      >
        <input
          checked={false}
          touched={true}
          type="radio"
          value="Will call 1-312-503-4169"
        />
          Call in Credit card # for FedEx Waybill 1-312-503-4169
      </label>
    </div>
  </div>
  <div
    className="sc-dliRfk jpTzS"
  >
    <div
      className="sc-bxivhb bUZGRr sc-htpNat eDtRyC sc-bdVaJa iHZvIS"
      is={null}
    >
      <div
        className="sc-ifAKCX cFlEyZ sc-bdVaJa cyncUw"
        is={null}
      />
      <div
        className="sc-ifAKCX cFlEyZ sc-bdVaJa cjDWjg"
        is={null}
      >
        <input
          className="sc-kLIISr jcKCa"
          placeholder="Shipping Account Number"
          value=""
        />
      </div>
    </div>
  </div>
</div>
`;
