// Jest Snapshot v1, https://goo.gl/fbAQLP

exports[`matching a snapshot of ShippingAdditional 1`] = `
<div
  className="gsdTnU"
  style={
    Object {
      "border": "1px solid #D2D7D3",
      "marginBottom": 0,
    }
  }
>
  <div
    className="bBgvkp"
    onClick={[Function]}
    style={
      Object {
        "backgroundColor": "#337ab7",
        "borderBottom": "0px none #ddd",
        "borderColor": "#4B77BE",
        "padding": "20px",
      }
    }
  >
    <h3
      className="jXCrp"
      style={
        Object {
          "color": "#ffffff",
          "fontSize": "20px",
          "fontWeight": "200",
        }
      }
    >
      <div
        className="kyzudI"
        onClick={[Function]}
      >
        Testing
      </div>
    </h3>
  </div>
  <div
    className="panel-body cgBkWQ"
    open={true}
    style={Object {}}
  >
    <div
      className="DRXhs"
    />
    <div
      className="sc-hmXxxW ggtKDs"
    >
      <div
        className="sc-bxivhb bUZGRr sc-htpNat eDtRyC sc-bdVaJa iHZvIS"
        is={null}
      >
        <div
          className="sc-ifAKCX cFlEyZ sc-bdVaJa iplmxF"
          is={null}
        >
          <label
            className="sc-ipXKqB hIQKmZ"
          >
            Comments:
          </label>
        </div>
        <div
          className="sc-ifAKCX cFlEyZ sc-bdVaJa cvzxNy"
          is={null}
        >
          <textarea
            className="sc-qrIAp kwjHFv"
            placeholder="Please enter any comments or special instructions here"
            rows="5"
            value={undefined}
          />
        </div>
      </div>
    </div>
    <div
      className="DRXhs"
    />
  </div>
</div>
`;
