// Jest Snapshot v1, https://goo.gl/fbAQLP

exports[`matching a snapshot of SubmitLoader 1`] = `
.c0 {
  padding-right: 15px;
  padding-left: 15px;
  margin-right: auto;
  margin-left: auto;
}

.c1 {
  text-align: center;
}

@media (min-width:768px) {
  .c0 {
    width: 750px;
  }
}

@media (min-width:992px) {
  .c0 {
    width: 970px;
  }
}

@media (min-width:1200px) {
  .c0 {
    width: 1170px;
  }
}

<div
  className="c0"
>
  <div
    className="sc-htpNat eDtRyC sc-bdVaJa iHZvIS"
    is={null}
  >
    <div
      className="c1 sc-bdVaJa iHZvIS"
      is={null}
    >
      <h1>
        Please wait...
      </h1>
      <span
        aria-hidden={true}
        className="fa fa-spinner fa-5x fa-pulse"
        mw={true}
      />
    </div>
  </div>
</div>
`;
