// Jest Snapshot v1, https://goo.gl/fbAQLP

exports[`matching a snapshot of SubmitLoader 1`] = `
<div
  className="sc-eerKOB juxuCZ"
>
  <div
    className="sc-bxivhb bUZGRr sc-htpNat eDtRyC sc-bdVaJa iHZvIS"
    is={null}
  >
    <div
      className="sc-gmeYpB kMXnGy sc-ifAKCX cFlEyZ sc-bdVaJa iHZvIS"
      is={null}
    >
      <h1>
        Please wait...
      </h1>
      <span
        aria-hidden={true}
        className="fa fa-spinner fa-5x fa-pulse"
        mw={true}
      />
    </div>
  </div>
</div>
`;
