// Jest Snapshot v1, https://goo.gl/fbAQLP

exports[`matching a snapshot of Submit 1`] = `
.c5 {
  display: inline-block;
  padding: 6px 12px;
  margin-bottom: 0;
  font-size: 14px;
  font-weight: normal;
  line-height: 1.42857143;
  text-align: center;
  white-space: nowrap;
  vertical-align: middle;
  -ms-touch-action: manipulation;
  touch-action: manipulation;
  cursor: pointer;
  -webkit-user-select: none;
  -moz-user-select: none;
  -ms-user-select: none;
  -webkit-user-select: none;
  -moz-user-select: none;
  -ms-user-select: none;
  user-select: none;
  background-image: none;
  border: 1px solid transparent;
  border-radius: 4px;
  color: #fff;
  background-color: #337ab7;
  border-color: #2e6da4;
  display: block;
  width: 100%;
  padding: 10px 16px;
  font-size: 18px;
  line-height: 1.3333333;
  border-radius: 6px;
}

.c5.block {
  display: block;
  width: 100%;
}

.c5.large {
  padding: 10px 16px;
  font-size: 18px;
  line-height: 1.3333333;
  border-radius: 6px;
}

.c5.xs {
  padding: 1px 5px;
  font-size: 12px;
  line-height: 1.5;
  border-radius: 3px;
  width: 20%;
}

.c5 a {
  color: #fff;
}

.c5 a:hover {
  color: #fff;
  -webkit-text-decoration: none;
  text-decoration: none;
}

.c5:focus {
  color: #fff;
  background-color: #286090;
  border-color: #122b40;
}

.c5:hover {
  color: #fff;
  background-color: #286090;
  border-color: #204d74;
}

.c5:active {
  color: #fff;
  background-color: #286090;
  border-color: #204d74;
}

.c0 h1 {
  font-size: 62px;
  margin-top: 25px;
  margin-bottom: 25px;
  border-bottom: 1px solid #eee;
  text-align: center;
}

.c0 h2 {
  font-size: 32px;
  margin-top: 25px;
  margin-bottom: 25px;
  border-bottom: 1px solid #eee;
  text-align: center;
}

.c4 {
  cursor: pointer;
}

.c1 {
  margin-top: 5px;
  border: 1px solid;
  box-shadow: 0 1px 1px rgba(0,0,0,0.05);
  font-size: 14px;
  line-height: 1.4285714;
  color: #333;
  border-radius: 4px;
  font-family: Helvetica Neue,Helvetica,Arial,sans-serif;
}

.c2 {
  padding: 0px 15px;
  font-family: Helvetica Neue,Helvetica,Arial,sans-serif;
  font-size: 14px;
  line-height: 1.42857143;
  border-top: 1px solid;
  border-top-width: 1px;
  -webkit-transition: height 600ms cubic-bezier(0.23,1,0.32,1),border-top-width 400ms cubic-bezier(0.23,1,0.32,1);
  transition: height 600ms cubic-bezier(0.23,1,0.32,1),border-top-width 400ms cubic-bezier(0.23,1,0.32,1);
  height: auto;
  overflow: hidden;
}

.c3 {
  height: 15px;
}

<div
  className="sc-htpNat eDtRyC sc-bdVaJa iHZvIS"
  is={null}
>
  <div
    className="sc-bdVaJa dEKHPo"
    is={null}
  >
    <div
      className="c0"
    >
      <h2>
        Review Your Order
      </h2>
      <p>
         
        Please review your order and click "Complete Your Order" button to place your order
      </p>
    </div>
  </div>
  <div
    className="sc-bdVaJa foxScs"
    is={null}
  >
    <div
      className="sc-htpNat eDtRyC sc-bdVaJa iHZvIS"
      is={null}
    >
      <div
        className="sc-bdVaJa vDLMO"
        is={null}
      >
        <div
          className="c1"
          style={
            Object {
              "marginBottom": 0,
            }
          }
        >
          <div
            className="panel-body c2"
            open={true}
            style={Object {}}
          >
            <div
              className="c3"
            />
            <div>
              <h4>
                <span
                  aria-hidden={true}
                  className="fa fa-truck"
                />
                 Ship to:
              </h4>
              <div>
                Jane
                 
              </div>
              <div />
              <div />
              <div>
                 
                 
              </div>
              <div />
              <br />
              <div>
                <a
                  className="c4"
                  onClick={[Function]}
                >
                  <span
                    aria-hidden={true}
                    className="fa fa-pencil-square-o"
                  />
                   Edit shipping info
                </a>
              </div>
            </div>
            <div
              className="c3"
            />
          </div>
        </div>
      </div>
      <div
        className="sc-bdVaJa vDLMO"
        is={null}
      >
        <div
          className="c1"
          style={
            Object {
              "marginBottom": 0,
            }
          }
        >
          <div
            className="panel-body c2"
            open={true}
            style={Object {}}
          >
            <div
              className="c3"
            />
            <div>
              <h4>
                <span
                  aria-hidden={true}
                  className="fa fa-credit-card-alt"
                />
                 Payer:
              </h4>
              <div>
                John
                 
              </div>
              <div />
              <div />
              <div>
                 
                 
              </div>
              <div />
              <br />
              <div>
                <a
                  className="c4"
                  onClick={[Function]}
                >
                  <span
                    aria-hidden={true}
                    className="fa fa-pencil-square-o"
                  />
                   Edit shipping info
                </a>
              </div>
            </div>
            <div
              className="c3"
            />
          </div>
        </div>
      </div>
    </div>
    <hr />
    <div
      className="sc-htpNat eDtRyC sc-bdVaJa iHZvIS"
      is={null}
    >
      <div
        className="sc-bdVaJa fiWxJc"
        is={null}
      >
        <div
          className="c1"
          style={
            Object {
              "marginBottom": 0,
            }
          }
        >
          <div
            className="panel-body c2"
            open={true}
            style={Object {}}
          >
            <div
              className="c3"
            />
            <h4>
              <span
                aria-hidden={true}
                className="fa fa-shopping-cart"
              />
               Items
            </h4>
            <div>
              <div
                className="sc-htpNat jtWIOA sc-bdVaJa iHZvIS"
                is={null}
              >
                <div
                  className="sc-bdVaJa goNVXm"
                  is={null}
                >
                  <h5>
                    ID
                  </h5>
                </div>
                <div
                  className="sc-bdVaJa goNVXm"
                  is={null}
                >
                  <h5>
                    Strain/Plasmid Name
                  </h5>
                </div>
              </div>
              <div
                className="sc-htpNat jtWIOA sc-bdVaJa iHZvIS"
                is={null}
              >
                <div
                  className="sc-bdVaJa goNVXm"
                  is={null}
                />
                <div
                  className="sc-bdVaJa goNVXm"
                  is={null}
                />
              </div>
              <div
                className="sc-htpNat jtWIOA sc-bdVaJa iHZvIS"
                is={null}
              >
                <div
                  className="sc-bdVaJa goNVXm"
                  is={null}
                />
                <div
                  className="sc-bdVaJa goNVXm"
                  is={null}
                />
              </div>
            </div>
            <div
              className="c3"
            />
          </div>
        </div>
      </div>
      <div
        className="sc-bdVaJa kIMTZA"
        is={null}
      >
        <hr />
        <button
          className="c5"
          onClick={undefined}
          type="button"
        >
          Complete Your Order 
          <span
            aria-hidden={true}
            className="fa fa-check-circle"
          />
        </button>
      </div>
    </div>
  </div>
</div>
`;
